// Jest Snapshot v1, https://goo.gl/fbAQLP

exports[`EventList EventList renders correctly 1`] = `
<div
  class="event-list"
>
  <h1>
    List component
  </h1>
    
  <!---->
   
  <!---->
</div>
`;
